/adfs/ls/?SAMLRequest=lZJBT8MwDIXv%2FIoq9zZpt3UjWjsNJsQkEBMtHLhlqdsFtcmI0wL%2Fnm5lYlyQOFmW7M9P73m%2B%2BGhqrwOLyuiEhAEjHmhpCqWrhDzlN%2F6MLNKLOYqmjvZ82bqdfoS3FtB5S0Swrt%2B7NhrbBmwGtlMSnh7vErJzbo%2Bc0vAyCsJ4FoRByC6prE1bUGMr2nz6h3Lg0ix7oKJWAmknC%2BKterjSwh0VnTjvSvsxq2IWaybKKnD9kF8a25dAg6OiKJHWSIl3Y6yEo9CElKJGIN56lRBRFmxaxFs2epXAKgC5VbvxbBqqSdUfXeNGIKoOfpYQW1hrdEK7hEQsYj4b%2B9E0ZzFnEz4ZBaMJeyHexhpnpKmvlB5ca63mRqBCrkUDyJ3k2fL%2BjkcB49thCPltnm%2F8zUOWE%2B%2F55H50cL%2FPQyMf%2FP6btf8%2BTNIhHn5UbM8JfwPEKUCS%2FieuBpwohBM%2Fmc3puYD0u%2F39LukX&RelayState=aHR0cHM6Ly8xOTIuMTY4LjEuMTA5L3RlbmFudC9teS1vcmc%3D&SigAlg=http%3A%2F%2Fwww.w3.org%2F2000%2F09%2Fxmldsig%23rsa-sha1&Signature=EXL0%2BO1aLhXKAMCKTaqduTW5tWsg94ANZ8hC60MtT4kwitvFUQ7VsQT3qtPj8MFbz0tvN9lX79R0yRwMPilP0zb50uuaVpaJy7qUpHiPyBa5HHA2xG2beyNjlUmC%2BOJSBjfx3k6YMkEzRqfKY6KD%2BKxSMsnSJuazBrWdzihoe4dMgWDS5Dpl2YOC0Ychc1huqedCD2WlE4QRfmtXq0oXlydPVSIYCtHXF1pwYq1j9%2B2q0oK9%2BEEoha0mCMWD74t5hei0kVJldFTcSXx0kgqPi6Rih7aP8%2BlKxnUFu4%2Bo7u9n9Oh8SLV3Tz%2Ba9A9cq4OxdCzyQCOwPRYs3GCb8iIB8g%3D%3D