<s:Envelope xmlns:s="http://www.w3.org/2003/05/soap-envelope" xmlns:a="http://www.w3.org/2005/08/addressing" xmlns:u="http://docs.oasis-open.org/wss/2004/01/oasis-200401-wss-wssecurity-utility-1.0.xsd"><s:Header><a:Action s:mustUnderstand="1">http://docs.oasis-open.org/ws-sx/ws-trust/200512/RSTRC/IssueFinal</a:Action><o:Security s:mustUnderstand="1" xmlns:o="http://docs.oasis-open.org/wss/2004/01/oasis-200401-wss-wssecurity-secext-1.0.xsd"><u:Timestamp u:Id="_0"><u:Created>2020-04-27T06:05:53.281Z</u:Created><u:Expires>2020-04-27T06:10:53.281Z</u:Expires></u:Timestamp></o:Security></s:Header><s:Body><trust:RequestSecurityTokenResponseCollection xmlns:trust="http://docs.oasis-open.org/ws-sx/ws-trust/200512"><trust:RequestSecurityTokenResponse><trust:Lifetime><wsu:Created xmlns:wsu="http://docs.oasis-open.org/wss/2004/01/oasis-200401-wss-wssecurity-utility-1.0.xsd">2020-04-27T06:05:53.281Z</wsu:Created><wsu:Expires xmlns:wsu="http://docs.oasis-open.org/wss/2004/01/oasis-200401-wss-wssecurity-utility-1.0.xsd">2020-04-27T07:05:53.281Z</wsu:Expires></trust:Lifetime><wsp:AppliesTo xmlns:wsp="http://schemas.xmlsoap.org/ws/2004/09/policy"><wsa:EndpointReference xmlns:wsa="http://www.w3.org/2005/08/addressing"><wsa:Address>https://192.168.1.109/cloud/org/my-org/saml/metadata/alias/vcd</wsa:Address></wsa:EndpointReference></wsp:AppliesTo><trust:RequestedSecurityToken><EncryptedAssertion xmlns="urn:oasis:names:tc:SAML:2.0:assertion"><xenc:EncryptedData Type="http://www.w3.org/2001/04/xmlenc#Element" xmlns:xenc="http://www.w3.org/2001/04/xmlenc#"><xenc:EncryptionMethod Algorithm="http://www.w3.org/2001/04/xmlenc#aes256-cbc"/><KeyInfo xmlns="http://www.w3.org/2000/09/xmldsig#"><e:EncryptedKey xmlns:e="http://www.w3.org/2001/04/xmlenc#"><e:EncryptionMethod Algorithm="http://www.w3.org/2001/04/xmlenc#rsa-oaep-mgf1p"><DigestMethod Algorithm="http://www.w3.org/2000/09/xmldsig#sha1"/></e:EncryptionMethod><KeyInfo><ds:X509Data xmlns:ds="http://www.w3.org/2000/09/xmldsig#"><ds:X509IssuerSerial><ds:X509IssuerName>CN=vCloud Director organization Certificate</ds:X509IssuerName><ds:X509SerialNumber>1066064898</ds:X509SerialNumber></ds:X509IssuerSerial></ds:X509Data></KeyInfo><e:CipherData><e:CipherValue>******</e:CipherValue></e:CipherData></e:EncryptedKey></KeyInfo><xenc:CipherData><xenc:CipherValue>******</xenc:CipherValue></xenc:CipherData></xenc:EncryptedData></EncryptedAssertion></trust:RequestedSecurityToken><i:RequestedDisplayToken xmlns:i="http://schemas.xmlsoap.org/ws/2005/05/identity"><i:DisplayToken xml:lang="en"><i:DisplayClaim Uri="http://schemas.xmlsoap.org/ws/2005/05/identity/claims/emailaddress"><i:DisplayTag>E-Mail Address</i:DisplayTag><i:Description>The e-mail address of the user</i:Description><i:DisplayValue>test@test-forest.net</i:DisplayValue></i:DisplayClaim><i:DisplayClaim Uri="groups"><i:DisplayValue>Domain Users</i:DisplayValue></i:DisplayClaim><i:DisplayClaim Uri="groups"><i:DisplayValue>VCDUsers</i:DisplayValue></i:DisplayClaim></i:DisplayToken></i:RequestedDisplayToken><trust:RequestedAttachedReference><SecurityTokenReference b:TokenType="http://docs.oasis-open.org/wss/oasis-wss-saml-token-profile-1.1#SAMLV2.0" xmlns="http://docs.oasis-open.org/wss/2004/01/oasis-200401-wss-wssecurity-secext-1.0.xsd" xmlns:b="http://docs.oasis-open.org/wss/oasis-wss-wssecurity-secext-1.1.xsd"><KeyIdentifier ValueType="http://docs.oasis-open.org/wss/oasis-wss-saml-token-profile-1.1#SAMLID">_83958fe2-1b12-4706-a6e5-af2143616c23</KeyIdentifier></SecurityTokenReference></trust:RequestedAttachedReference><trust:RequestedUnattachedReference><SecurityTokenReference b:TokenType="http://docs.oasis-open.org/wss/oasis-wss-saml-token-profile-1.1#SAMLV2.0" xmlns="http://docs.oasis-open.org/wss/2004/01/oasis-200401-wss-wssecurity-secext-1.0.xsd" xmlns:b="http://docs.oasis-open.org/wss/oasis-wss-wssecurity-secext-1.1.xsd"><KeyIdentifier ValueType="http://docs.oasis-open.org/wss/oasis-wss-saml-token-profile-1.1#SAMLID">_83958fe2-1b12-4706-a6e5-af2143616c23</KeyIdentifier></SecurityTokenReference></trust:RequestedUnattachedReference><trust:TokenType>http://docs.oasis-open.org/wss/oasis-wss-saml-token-profile-1.1#SAMLV2.0</trust:TokenType><trust:RequestType>http://docs.oasis-open.org/ws-sx/ws-trust/200512/Issue</trust:RequestType><trust:KeyType>http://docs.oasis-open.org/ws-sx/ws-trust/200512/Bearer</trust:KeyType></trust:RequestSecurityTokenResponse></trust:RequestSecurityTokenResponseCollection></s:Body></s:Envelope>