<?xml version="1.0" encoding="UTF-8"?>
	<md:EntityDescriptor ID="https___192.168.1.109_cloud_org_my-org_saml_metadata_alias_vcd" entityID="https://192.168.1.109/cloud/org/my-org/saml/metadata/alias/vcd" xmlns:md="urn:oasis:names:tc:SAML:2.0:metadata"><md:SPSSODescriptor AuthnRequestsSigned="true" WantAssertionsSigned="true" protocolSupportEnumeration="urn:oasis:names:tc:SAML:2.0:protocol"><md:KeyDescriptor use="signing"><ds:KeyInfo xmlns:ds="http://www.w3.org/2000/09/xmldsig#"><ds:X509Data><ds:X509Certificate>MIIC4jCCAcqgAwIBAgIEP4rcAjANBgkqhkiG9w0BAQUFADAzMTEwLwYDVQQDEyh2Q2xvdWQgRGly
	ZWN0b3Igb3JnYW5pemF0aW9uIENlcnRpZmljYXRlMB4XDTIwMDMxOTA3MjkwOFoXDTIxMDMxOTA3
	MjkwOFowMzExMC8GA1UEAxModkNsb3VkIERpcmVjdG9yIG9yZ2FuaXphdGlvbiBDZXJ0aWZpY2F0
	ZTCCASIwDQYJKoZIhvcNAQEBBQADggEPADCCAQoCggEBAKvB9rOzZOUW5AK3TAH9h3p3oFzVOljB
	XSNvOz/OKEL7kVafnPUdxfqJvoZhtTxPOQ9VC9m9t+2sumyXiWCHaOgB/xNWGjzCJci1xFk6YD7j
	y3J1XoQ+JHnL93QJZQK9didH1sjJ7XvtjFA5+1DJyHdTb5CuBH3/Qekyrok3a5ZnwujbwtwGL2NN
	GLjQhEIkioJ67ge/jQWvF5BtthsKh3Jy9SZvMK/cR/s5LfrHHvVu7/ftELlRmfTcBBV2HaZ0lu1H
	QSFvop1pgkD/UIkiqiuI/CdpJwVHoh5AILwOKXHnj1iMqMM+zgRUSFT3LitUM0nsYMypr5ubXbl5
	kpfxlGsCAwEAATANBgkqhkiG9w0BAQUFAAOCAQEAcQRO4lzuS6ec3SX3Vt0EzdKOw7pcsRpHXxbE
	+TlgBlGge0JDDoliaf3Y5QGVjdvMYPn7iwBNHN+DkhRB/5CvgszzhKbyV/FEx+ulnII0Qw03aWVK
	h8L5iPS/1qfBOc67tSKuEuQfXoSSDmJbb3bNmXz1FDh9URAUhoI8wJxYa8SQxiTpaof+WlZ7pRVW
	z9peoenDOMVGcW41gpGA/uXE3PbH66Z5nJTxJvrpFkMtXyu+RBfWHkhQFi9FMWYS9viW+wg+JCqH
	0febOWgCGPqmZ2uUDSMcoSnlYnNdpcv1QXr0NtrKIZt4aXePRmoS7Lxjh671TcznlB7jNCqz+Koh
	5Q==</ds:X509Certificate></ds:X509Data></ds:KeyInfo></md:KeyDescriptor><md:KeyDescriptor use="encryption"><ds:KeyInfo xmlns:ds="http://www.w3.org/2000/09/xmldsig#"><ds:X509Data><ds:X509Certificate>MIIC4jCCAcqgAwIBAgIEP4rcAjANBgkqhkiG9w0BAQUFADAzMTEwLwYDVQQDEyh2Q2xvdWQgRGly
	ZWN0b3Igb3JnYW5pemF0aW9uIENlcnRpZmljYXRlMB4XDTIwMDMxOTA3MjkwOFoXDTIxMDMxOTA3
	MjkwOFowMzExMC8GA1UEAxModkNsb3VkIERpcmVjdG9yIG9yZ2FuaXphdGlvbiBDZXJ0aWZpY2F0
	ZTCCASIwDQYJKoZIhvcNAQEBBQADggEPADCCAQoCggEBAKvB9rOzZOUW5AK3TAH9h3p3oFzVOljB
	XSNvOz/OKEL7kVafnPUdxfqJvoZhtTxPOQ9VC9m9t+2sumyXiWCHaOgB/xNWGjzCJci1xFk6YD7j
	y3J1XoQ+JHnL93QJZQK9didH1sjJ7XvtjFA5+1DJyHdTb5CuBH3/Qekyrok3a5ZnwujbwtwGL2NN
	GLjQhEIkioJ67ge/jQWvF5BtthsKh3Jy9SZvMK/cR/s5LfrHHvVu7/ftELlRmfTcBBV2HaZ0lu1H
	QSFvop1pgkD/UIkiqiuI/CdpJwVHoh5AILwOKXHnj1iMqMM+zgRUSFT3LitUM0nsYMypr5ubXbl5
	kpfxlGsCAwEAATANBgkqhkiG9w0BAQUFAAOCAQEAcQRO4lzuS6ec3SX3Vt0EzdKOw7pcsRpHXxbE
	+TlgBlGge0JDDoliaf3Y5QGVjdvMYPn7iwBNHN+DkhRB/5CvgszzhKbyV/FEx+ulnII0Qw03aWVK
	h8L5iPS/1qfBOc67tSKuEuQfXoSSDmJbb3bNmXz1FDh9URAUhoI8wJxYa8SQxiTpaof+WlZ7pRVW
	z9peoenDOMVGcW41gpGA/uXE3PbH66Z5nJTxJvrpFkMtXyu+RBfWHkhQFi9FMWYS9viW+wg+JCqH
	0febOWgCGPqmZ2uUDSMcoSnlYnNdpcv1QXr0NtrKIZt4aXePRmoS7Lxjh671TcznlB7jNCqz+Koh
	5Q==</ds:X509Certificate></ds:X509Data></ds:KeyInfo></md:KeyDescriptor><md:SingleLogoutService Binding="urn:oasis:names:tc:SAML:2.0:bindings:HTTP-POST" Location="https://192.168.1.109/cloud/org/my-org/saml/SingleLogout/alias/vcd"/><md:SingleLogoutService Binding="urn:oasis:names:tc:SAML:2.0:bindings:HTTP-Redirect" Location="https://192.168.1.109/cloud/org/my-org/saml/SingleLogout/alias/vcd"/><md:NameIDFormat>urn:oasis:names:tc:SAML:1.1:nameid-format:emailAddress</md:NameIDFormat><md:NameIDFormat>urn:oasis:names:tc:SAML:2.0:nameid-format:transient</md:NameIDFormat><md:NameIDFormat>urn:oasis:names:tc:SAML:2.0:nameid-format:persistent</md:NameIDFormat><md:NameIDFormat>urn:oasis:names:tc:SAML:1.1:nameid-format:unspecified</md:NameIDFormat><md:NameIDFormat>urn:oasis:names:tc:SAML:1.1:nameid-format:X509SubjectName</md:NameIDFormat><md:AssertionConsumerService Binding="urn:oasis:names:tc:SAML:2.0:bindings:HTTP-POST" Location="https://192.168.1.109/cloud/org/my-org/saml/SSO/alias/vcd" index="0" isDefault="true"/><md:AssertionConsumerService Binding="urn:oasis:names:tc:SAML:2.0:profiles:holder-of-key:SSO:browser" Location="https://192.168.1.109/cloud/org/my-org/saml/HoKSSO/alias/vcd" hoksso:ProtocolBinding="urn:oasis:names:tc:SAML:2.0:bindings:HTTP-POST" index="1" xmlns:hoksso="urn:oasis:names:tc:SAML:2.0:profiles:holder-of-key:SSO:browser"/></md:SPSSODescriptor></md:EntityDescriptor>